// Jest Snapshot v1, https://goo.gl/fbAQLP

exports[`<ResultsList /> should match the snapshot 1`] = `
<div>
  <CSVUpload
    toggleChange={[Function]}
  />
</div>
`;
